[0m11:35:48.895387 [debug] [MainThread]: Sending event: {'category': 'dbt', 'action': 'invocation', 'label': 'start', 'context': [<snowplow_tracker.self_describing_json.SelfDescribingJson object at 0x0000017E48780D70>, <snowplow_tracker.self_describing_json.SelfDescribingJson object at 0x0000017E491D1F90>, <snowplow_tracker.self_describing_json.SelfDescribingJson object at 0x0000017E4A897ED0>]}


============================== 11:35:48.899808 | 692b8cee-60af-4b2d-b838-1a96276c4961 ==============================
[0m11:35:48.899808 [info ] [MainThread]: Running with dbt=1.11.8
[0m11:35:48.900508 [debug] [MainThread]: running dbt with arguments {'version_check': 'True', 'no_print': 'None', 'static_parser': 'True', 'warn_error_options': 'WarnErrorOptionsV2(error=[], warn=[], silence=[])', 'target_path': 'None', 'printer_width': '80', 'write_json': 'True', 'introspect': 'True', 'log_cache_events': 'False', 'empty': 'None', 'cache_selected_only': 'False', 'log_format': 'default', 'debug': 'False', 'fail_fast': 'False', 'profiles_dir': 'C:\\Users\\colos\\.dbt', 'send_anonymous_usage_stats': 'True', 'quiet': 'False', 'warn_error': 'None', 'partial_parse': 'True', 'use_colors': 'True', 'indirect_selection': 'eager', 'invocation_command': 'dbt init dbt_stackoverflow', 'use_experimental_parser': 'False', 'log_path': 'logs'}
[0m11:35:48.916464 [info ] [MainThread]: Creating dbt configuration folder at C:\Users\colos\.dbt
[0m11:35:48.918525 [debug] [MainThread]: Starter project path: C:\Users\colos\dbt-stackoverflow\venv\Lib\site-packages\dbt\include\starter_project
[0m11:35:48.942286 [info ] [MainThread]: 
Your new dbt project "dbt_stackoverflow" was created!

For more information on how to configure the profiles.yml file,
please consult the dbt documentation here:

  https://docs.getdbt.com/docs/configure-your-profile

One more thing:

Need help? Don't hesitate to reach out to us via GitHub issues or on Slack:

  https://community.getdbt.com/

Happy modeling!

[0m11:35:48.942842 [info ] [MainThread]: Setting up your profile.
[0m11:35:57.572713 [debug] [MainThread]: Snowflake adapter: Setting snowflake.connector to ERROR (file logging only)
[0m11:35:57.573169 [debug] [MainThread]: Snowflake adapter: Setting botocore to ERROR (file logging only)
[0m11:35:57.573473 [debug] [MainThread]: Snowflake adapter: Setting boto3 to ERROR (file logging only)
[0m15:08:53.536880 [info ] [MainThread]: Profile dbt_stackoverflow written to C:\Users\colos\.dbt\profiles.yml using target's profile_template.yml and your supplied values. Run 'dbt debug' to validate the connection.
[0m15:08:53.538584 [debug] [MainThread]: Command `dbt init` succeeded at 15:08:53.538427 after 12793.15 seconds
[0m15:08:53.538997 [debug] [MainThread]: Sending event: {'category': 'dbt', 'action': 'invocation', 'label': 'end', 'context': [<snowplow_tracker.self_describing_json.SelfDescribingJson object at 0x0000017E4B6F2780>, <snowplow_tracker.self_describing_json.SelfDescribingJson object at 0x0000017E497C95B0>, <snowplow_tracker.self_describing_json.SelfDescribingJson object at 0x0000017E4B719040>]}
[0m15:08:53.539421 [debug] [MainThread]: Flushing usage events
[0m15:08:54.726602 [debug] [MainThread]: An error was encountered while trying to flush usage events
[0m15:11:24.807187 [debug] [MainThread]: Sending event: {'category': 'dbt', 'action': 'invocation', 'label': 'start', 'context': [<snowplow_tracker.self_describing_json.SelfDescribingJson object at 0x0000018E3BB10D70>, <snowplow_tracker.self_describing_json.SelfDescribingJson object at 0x0000018E3C55DF90>, <snowplow_tracker.self_describing_json.SelfDescribingJson object at 0x0000018E3DC27ED0>]}


============================== 15:11:24.814119 | de603a56-b45d-446b-99c4-e6a5b91c3868 ==============================
[0m15:11:24.814119 [info ] [MainThread]: Running with dbt=1.11.8
[0m15:11:24.815019 [debug] [MainThread]: running dbt with arguments {'version_check': 'True', 'no_print': 'None', 'static_parser': 'True', 'target_path': 'None', 'warn_error_options': 'WarnErrorOptionsV2(error=[], warn=[], silence=[])', 'printer_width': '80', 'write_json': 'True', 'introspect': 'True', 'log_cache_events': 'False', 'empty': 'None', 'cache_selected_only': 'False', 'log_format': 'default', 'debug': 'False', 'fail_fast': 'False', 'profiles_dir': 'C:\\Users\\colos\\.dbt', 'send_anonymous_usage_stats': 'True', 'quiet': 'False', 'warn_error': 'None', 'partial_parse': 'True', 'use_colors': 'True', 'invocation_command': 'dbt debug', 'indirect_selection': 'eager', 'use_experimental_parser': 'False', 'log_path': 'logs'}
[0m15:11:24.843430 [info ] [MainThread]: dbt version: 1.11.8
[0m15:11:24.843958 [info ] [MainThread]: python version: 3.13.2
[0m15:11:24.844328 [info ] [MainThread]: python path: C:\Users\colos\dbt-stackoverflow\venv\Scripts\python.exe
[0m15:11:24.844683 [info ] [MainThread]: os info: Windows-11-10.0.26200-SP0
[0m15:11:25.364824 [debug] [MainThread]: Snowflake adapter: Setting snowflake.connector to ERROR (file logging only)
[0m15:11:25.365256 [debug] [MainThread]: Snowflake adapter: Setting botocore to ERROR (file logging only)
[0m15:11:25.365552 [debug] [MainThread]: Snowflake adapter: Setting boto3 to ERROR (file logging only)
[0m15:11:25.437695 [info ] [MainThread]: Using profiles dir at C:\Users\colos\.dbt
[0m15:11:25.438243 [info ] [MainThread]: Using profiles.yml file at C:\Users\colos\.dbt\profiles.yml
[0m15:11:25.438615 [info ] [MainThread]: Using dbt_project.yml file at C:\Users\colos\dbt-stackoverflow\dbt_project.yml
[0m15:11:25.439623 [info ] [MainThread]: adapter type: snowflake
[0m15:11:25.440026 [info ] [MainThread]: adapter version: 1.11.4
[0m15:11:25.440422 [info ] [MainThread]: Configuration:
[0m15:11:25.440733 [info ] [MainThread]:   profiles.yml file [[32mOK found and valid[0m]
[0m15:11:25.441004 [info ] [MainThread]:   dbt_project.yml file [[31mERROR not found[0m]
[0m15:11:25.441264 [info ] [MainThread]: Required dependencies:
[0m15:11:25.441559 [debug] [MainThread]: Executing "git --help"
[0m15:11:25.496012 [debug] [MainThread]: STDOUT: "b"usage: git [-v | --version] [-h | --help] [-C <path>] [-c <name>=<value>]\n           [--exec-path[=<path>]] [--html-path] [--man-path] [--info-path]\n           [-p | --paginate | -P | --no-pager] [--no-replace-objects] [--no-lazy-fetch]\n           [--no-optional-locks] [--no-advice] [--bare] [--git-dir=<path>]\n           [--work-tree=<path>] [--namespace=<name>] [--config-env=<name>=<envvar>]\n           <command> [<args>]\n\nThese are common Git commands used in various situations:\n\nstart a working area (see also: git help tutorial)\n   clone      Clone a repository into a new directory\n   init       Create an empty Git repository or reinitialize an existing one\n\nwork on the current change (see also: git help everyday)\n   add        Add file contents to the index\n   mv         Move or rename a file, a directory, or a symlink\n   restore    Restore working tree files\n   rm         Remove files from the working tree and from the index\n\nexamine the history and state (see also: git help revisions)\n   bisect     Use binary search to find the commit that introduced a bug\n   diff       Show changes between commits, commit and working tree, etc\n   grep       Print lines matching a pattern\n   log        Show commit logs\n   show       Show various types of objects\n   status     Show the working tree status\n\ngrow, mark and tweak your common history\n   backfill   Download missing objects in a partial clone\n   branch     List, create, or delete branches\n   commit     Record changes to the repository\n   merge      Join two or more development histories together\n   rebase     Reapply commits on top of another base tip\n   reset      Reset current HEAD to the specified state\n   switch     Switch branches\n   tag        Create, list, delete or verify a tag object signed with GPG\n\ncollaborate (see also: git help workflows)\n   fetch      Download objects and refs from another repository\n   pull       Fetch from and integrate with another repository or a local branch\n   push       Update remote refs along with associated objects\n\n'git help -a' and 'git help -g' list available subcommands and some\nconcept guides. See 'git help <command>' or 'git help <concept>'\nto read about a specific subcommand or concept.\nSee 'git help git' for an overview of the system.\n""
[0m15:11:25.496536 [debug] [MainThread]: STDERR: "b''"
[0m15:11:25.496933 [info ] [MainThread]:  - git [[32mOK found[0m]

[0m15:11:25.497285 [info ] [MainThread]: Connection:
[0m15:11:25.497589 [info ] [MainThread]:   account: ZP15152
[0m15:11:25.497995 [info ] [MainThread]:   user: adrianproimi
[0m15:11:25.498344 [info ] [MainThread]:   database: DBT_STACKOVERFLOW
[0m15:11:25.498613 [info ] [MainThread]:   warehouse: COMPUTE_WH
[0m15:11:25.498859 [info ] [MainThread]:   role: ACCOUNTADMIN
[0m15:11:25.499098 [info ] [MainThread]:   schema: DEV
[0m15:11:25.499340 [info ] [MainThread]:   authenticator: None
[0m15:11:25.499585 [info ] [MainThread]:   oauth_client_id: None
[0m15:11:25.499934 [info ] [MainThread]:   query_tag: None
[0m15:11:25.500305 [info ] [MainThread]:   client_session_keep_alive: False
[0m15:11:25.500595 [info ] [MainThread]:   host: None
[0m15:11:25.500857 [info ] [MainThread]:   port: None
[0m15:11:25.501105 [info ] [MainThread]:   proxy_host: None
[0m15:11:25.501352 [info ] [MainThread]:   proxy_port: None
[0m15:11:25.501605 [info ] [MainThread]:   protocol: None
[0m15:11:25.501850 [info ] [MainThread]:   connect_retries: 1
[0m15:11:25.502103 [info ] [MainThread]:   connect_timeout: None
[0m15:11:25.502351 [info ] [MainThread]:   retry_on_database_errors: False
[0m15:11:25.502593 [info ] [MainThread]:   retry_all: False
[0m15:11:25.502837 [info ] [MainThread]:   insecure_mode: False
[0m15:11:25.503078 [info ] [MainThread]:   reuse_connections: True
[0m15:11:25.503328 [info ] [MainThread]:   s3_stage_vpce_dns_name: None
[0m15:11:25.503566 [info ] [MainThread]:   platform_detection_timeout_seconds: 0.0
[0m15:11:25.504113 [info ] [MainThread]: Registered adapter: snowflake=1.11.4
[0m15:11:25.773329 [debug] [MainThread]: Acquiring new snowflake connection 'debug'
[0m15:11:28.315886 [debug] [MainThread]: Using snowflake connection "debug"
[0m15:11:28.316283 [debug] [MainThread]: On debug: select 1 as id
[0m15:11:28.316539 [debug] [MainThread]: Opening a new connection, currently in state init
[0m15:11:30.501393 [debug] [MainThread]: Snowflake adapter: Error running SQL: select 1 as id
[0m15:11:30.501771 [debug] [MainThread]: Snowflake adapter: Rolling back transaction.
[0m15:11:30.503205 [info ] [MainThread]:   Connection test: [[31mERROR[0m]

[0m15:11:30.503762 [info ] [MainThread]: [31m2 checks failed:[0m
[0m15:11:30.504157 [info ] [MainThread]: Project loading failed for the following reason:
 project path <C:\Users\colos\dbt-stackoverflow\dbt_project.yml> not found

[0m15:11:30.504471 [info ] [MainThread]: dbt was unable to connect to the specified database.
The database returned the following error:

  >Database Error
  290404 (08001): 404 Not Found: post ZP15152.snowflakecomputing.com:443/session/v1/login-request

Check your database credentials and try again. For more information, visit:
https://docs.getdbt.com/docs/configure-your-profile


[0m15:11:30.505204 [debug] [MainThread]: Command `dbt debug` failed at 15:11:30.505103 after 5.84 seconds
[0m15:11:30.505478 [debug] [MainThread]: Connection 'debug' was left open.
[0m15:11:30.505755 [debug] [MainThread]: On debug: No close available on handle
[0m15:11:30.506121 [debug] [MainThread]: Sending event: {'category': 'dbt', 'action': 'invocation', 'label': 'end', 'context': [<snowplow_tracker.self_describing_json.SelfDescribingJson object at 0x0000018E3EB56060>, <snowplow_tracker.self_describing_json.SelfDescribingJson object at 0x0000018E3EF917F0>, <snowplow_tracker.self_describing_json.SelfDescribingJson object at 0x0000018E3EAC5480>]}
[0m15:11:30.506452 [debug] [MainThread]: Flushing usage events
[0m15:11:31.640586 [debug] [MainThread]: An error was encountered while trying to flush usage events
